// Jest Snapshot v1, https://goo.gl/fbAQLP

exports[`FormulaCard should match the snapshot 1`] = `
ShallowWrapper {
  Symbol(enzyme.__root__): [Circular],
  Symbol(enzyme.__unrendered__): <Unknown
    usage="Breakfast Substition, Renal Failure"
/>,
  Symbol(enzyme.__renderer__): Object {
    "batchedUpdates": [Function],
    "getNode": [Function],
    "render": [Function],
    "simulateError": [Function],
    "simulateEvent": [Function],
    "unmount": [Function],
  },
  Symbol(enzyme.__node__): Object {
    "instance": null,
    "key": undefined,
    "nodeType": "class",
    "props": Object {
      "children": <div
        className="formula-card"
>
        <h2 />
        <div
                alt=""
                className="formula-card-image"
                style={
                        Object {
                                "backgroundImage": "url(/images/undefined)",
                              }
                }
        />
        <div
                className="formula-description"
        >
                <p
                        className="truncate-description"
                />
        </div>
        <p
                className="usage-header"
        >
                <strong>
                        usage:
                </strong>
        </p>
        <ul>
                <li>
                        Breakfast Substition
                </li>
                <li>
                         Renal Failure
                </li>
        </ul>
</div>,
      "className": "formula-link",
      "replace": false,
      "to": "/formulas/undefined",
    },
    "ref": null,
    "rendered": Object {
      "instance": null,
      "key": "formula-card-undefined",
      "nodeType": "host",
      "props": Object {
        "children": Array [
          <h2 />,
          <div
            alt=""
            className="formula-card-image"
            style={
                        Object {
                                    "backgroundImage": "url(/images/undefined)",
                                  }
            }
/>,
          <div
            className="formula-description"
>
            <p
                        className="truncate-description"
            />
</div>,
          <p
            className="usage-header"
>
            <strong>
                        usage:
            </strong>
</p>,
          <ul>
            <li>
                        Breakfast Substition
            </li>
            <li>
                         Renal Failure
            </li>
</ul>,
        ],
        "className": "formula-card",
      },
      "ref": null,
      "rendered": Array [
        Object {
          "instance": null,
          "key": undefined,
          "nodeType": "host",
          "props": Object {
            "children": undefined,
          },
          "ref": null,
          "rendered": null,
          "type": "h2",
        },
        Object {
          "instance": null,
          "key": undefined,
          "nodeType": "host",
          "props": Object {
            "alt": "",
            "className": "formula-card-image",
            "style": Object {
              "backgroundImage": "url(/images/undefined)",
            },
          },
          "ref": null,
          "rendered": null,
          "type": "div",
        },
        Object {
          "instance": null,
          "key": undefined,
          "nodeType": "host",
          "props": Object {
            "children": <p
              className="truncate-description"
/>,
            "className": "formula-description",
          },
          "ref": null,
          "rendered": Object {
            "instance": null,
            "key": undefined,
            "nodeType": "host",
            "props": Object {
              "children": undefined,
              "className": "truncate-description",
            },
            "ref": null,
            "rendered": null,
            "type": "p",
          },
          "type": "div",
        },
        Object {
          "instance": null,
          "key": undefined,
          "nodeType": "host",
          "props": Object {
            "children": <strong>
              usage:
</strong>,
            "className": "usage-header",
          },
          "ref": null,
          "rendered": Object {
            "instance": null,
            "key": undefined,
            "nodeType": "host",
            "props": Object {
              "children": "usage:",
            },
            "ref": null,
            "rendered": "usage:",
            "type": "strong",
          },
          "type": "p",
        },
        Object {
          "instance": null,
          "key": undefined,
          "nodeType": "host",
          "props": Object {
            "children": Array [
              <li>
                Breakfast Substition
</li>,
              <li>
                 Renal Failure
</li>,
            ],
          },
          "ref": null,
          "rendered": Array [
            Object {
              "instance": null,
              "key": "formula-card-undefined-/Breakfast Substition",
              "nodeType": "host",
              "props": Object {
                "children": "Breakfast Substition",
              },
              "ref": null,
              "rendered": "Breakfast Substition",
              "type": "li",
            },
            Object {
              "instance": null,
              "key": "formula-card-undefined-/ Renal Failure",
              "nodeType": "host",
              "props": Object {
                "children": " Renal Failure",
              },
              "ref": null,
              "rendered": " Renal Failure",
              "type": "li",
            },
          ],
          "type": "ul",
        },
      ],
      "type": "div",
    },
    "type": [Function],
  },
  Symbol(enzyme.__nodes__): Array [
    Object {
      "instance": null,
      "key": undefined,
      "nodeType": "class",
      "props": Object {
        "children": <div
          className="formula-card"
>
          <h2 />
          <div
                    alt=""
                    className="formula-card-image"
                    style={
                              Object {
                                        "backgroundImage": "url(/images/undefined)",
                                      }
                    }
          />
          <div
                    className="formula-description"
          >
                    <p
                              className="truncate-description"
                    />
          </div>
          <p
                    className="usage-header"
          >
                    <strong>
                              usage:
                    </strong>
          </p>
          <ul>
                    <li>
                              Breakfast Substition
                    </li>
                    <li>
                               Renal Failure
                    </li>
          </ul>
</div>,
        "className": "formula-link",
        "replace": false,
        "to": "/formulas/undefined",
      },
      "ref": null,
      "rendered": Object {
        "instance": null,
        "key": "formula-card-undefined",
        "nodeType": "host",
        "props": Object {
          "children": Array [
            <h2 />,
            <div
              alt=""
              className="formula-card-image"
              style={
                            Object {
                                          "backgroundImage": "url(/images/undefined)",
                                        }
              }
/>,
            <div
              className="formula-description"
>
              <p
                            className="truncate-description"
              />
</div>,
            <p
              className="usage-header"
>
              <strong>
                            usage:
              </strong>
</p>,
            <ul>
              <li>
                            Breakfast Substition
              </li>
              <li>
                             Renal Failure
              </li>
</ul>,
          ],
          "className": "formula-card",
        },
        "ref": null,
        "rendered": Array [
          Object {
            "instance": null,
            "key": undefined,
            "nodeType": "host",
            "props": Object {
              "children": undefined,
            },
            "ref": null,
            "rendered": null,
            "type": "h2",
          },
          Object {
            "instance": null,
            "key": undefined,
            "nodeType": "host",
            "props": Object {
              "alt": "",
              "className": "formula-card-image",
              "style": Object {
                "backgroundImage": "url(/images/undefined)",
              },
            },
            "ref": null,
            "rendered": null,
            "type": "div",
          },
          Object {
            "instance": null,
            "key": undefined,
            "nodeType": "host",
            "props": Object {
              "children": <p
                className="truncate-description"
/>,
              "className": "formula-description",
            },
            "ref": null,
            "rendered": Object {
              "instance": null,
              "key": undefined,
              "nodeType": "host",
              "props": Object {
                "children": undefined,
                "className": "truncate-description",
              },
              "ref": null,
              "rendered": null,
              "type": "p",
            },
            "type": "div",
          },
          Object {
            "instance": null,
            "key": undefined,
            "nodeType": "host",
            "props": Object {
              "children": <strong>
                usage:
</strong>,
              "className": "usage-header",
            },
            "ref": null,
            "rendered": Object {
              "instance": null,
              "key": undefined,
              "nodeType": "host",
              "props": Object {
                "children": "usage:",
              },
              "ref": null,
              "rendered": "usage:",
              "type": "strong",
            },
            "type": "p",
          },
          Object {
            "instance": null,
            "key": undefined,
            "nodeType": "host",
            "props": Object {
              "children": Array [
                <li>
                  Breakfast Substition
</li>,
                <li>
                   Renal Failure
</li>,
              ],
            },
            "ref": null,
            "rendered": Array [
              Object {
                "instance": null,
                "key": "formula-card-undefined-/Breakfast Substition",
                "nodeType": "host",
                "props": Object {
                  "children": "Breakfast Substition",
                },
                "ref": null,
                "rendered": "Breakfast Substition",
                "type": "li",
              },
              Object {
                "instance": null,
                "key": "formula-card-undefined-/ Renal Failure",
                "nodeType": "host",
                "props": Object {
                  "children": " Renal Failure",
                },
                "ref": null,
                "rendered": " Renal Failure",
                "type": "li",
              },
            ],
            "type": "ul",
          },
        ],
        "type": "div",
      },
      "type": [Function],
    },
  ],
  Symbol(enzyme.__options__): Object {
    "adapter": ReactSixteenAdapter {
      "options": Object {
        "enableComponentDidUpdateOnSetState": true,
        "lifecycles": Object {
          "componentDidUpdate": Object {
            "onSetState": true,
          },
          "getDerivedStateFromProps": true,
          "getSnapshotBeforeUpdate": true,
          "setState": Object {
            "skipsComponentDidUpdateOnNullish": true,
          },
        },
      },
    },
    "attachTo": undefined,
    "hydrateIn": undefined,
  },
}
`;
