// Jest Snapshot v1, https://goo.gl/fbAQLP

exports[`DetailsCard should match the snapshot 1`] = `undefined`;
